// Jest Snapshot v1, https://goo.gl/fbAQLP

exports[`match snapshot 1`] = `
<DocumentFragment>
  <button
    class="p-2 bg-blue-900 hover:bg-blue-800 text-white rounded mr-2 text-sm"
  >
    click
  </button>
</DocumentFragment>
`;
